2026-06-18 17:02:54,203 | INFO    | paper_trader           | ============================================================
2026-06-18 17:02:54,203 | INFO    | paper_trader           | Paper tick start (dry_run=False, profile=live4h)
2026-06-18 17:02:54,693 | INFO    | paper_trader           | LIVE bot OK. Equity Bitget: 48.23 USDT
2026-06-18 17:02:54,693 | INFO    | paper_trader           | Timeframes due: [('4h', True, False)]
2026-06-18 17:02:54,694 | INFO    | paper_trader           | Closed positions this tick: 0
2026-06-18 17:02:54,694 | INFO    | paper_trader           | Macro cache has 77 features cached
2026-06-18 17:02:54,694 | INFO    | paper_trader           | Building live features (grid 15m, compartido)...
2026-06-18 17:02:54,694 | INFO    | paper_trader.feature_builder | Fetching 15m klines (1600 candles) for 5 symbols...
2026-06-18 17:02:57,595 | ERROR   | paper_trader.binance_spot | All Binance Spot hosts failed:
  https://api3.binance.com -> HTTP 451
  https://api2.binance.com -> HTTP 451
  https://api1.binance.com -> HTTP 451
  https://api4.binance.com -> HTTP 451
  https://api.binance.com -> HTTP 451
2026-06-18 17:02:57,596 | WARNING | paper_trader.binance_spot | Binance paginated failed for BTCUSDT 15m: All Binance Spot hosts failed:
  https://api3.binance.com -> HTTP 451
  https://api2.binance.com -> HTTP 451
  https://api1.binance.com -> HTTP 451
  https://api4.binance.com -> HTTP 451
  https://api.binance.com -> HTTP 451
2026-06-18 17:03:00,434 | ERROR   | paper_trader.binance_spot | All Binance Spot hosts failed:
  https://api3.binance.com -> HTTP 451
  https://api2.binance.com -> HTTP 451
  https://api1.binance.com -> HTTP 451
  https://api4.binance.com -> HTTP 451
  https://api.binance.com -> HTTP 451
2026-06-18 17:03:00,434 | WARNING | paper_trader.binance_spot | Binance Spot failed for BTCUSDT 15m: All Binance Spot hosts failed:
  https://api3.binance.com -> HTTP 451
  https://api2.binance.com -> HTTP 451
  https://api1.binance.com -> HTTP 451
  https://api4.binance.com -> HTTP 451
  https://api.binance.com -> HTTP 451
2026-06-18 17:03:00,885 | WARNING | paper_trader.binance_spot | Using Coinbase fallback for BTCUSDT 15m
2026-06-18 17:03:08,283 | ERROR   | paper_trader.binance_spot | All Binance Spot hosts failed:
  https://api3.binance.com -> HTTP 451
  https://api2.binance.com -> HTTP 451
  https://api1.binance.com -> HTTP 451
  https://api4.binance.com -> HTTP 451
  https://api.binance.com -> HTTP 451
2026-06-18 17:03:08,284 | WARNING | paper_trader.binance_spot | Binance paginated failed for ETHUSDT 15m: All Binance Spot hosts failed:
  https://api3.binance.com -> HTTP 451
  https://api2.binance.com -> HTTP 451
  https://api1.binance.com -> HTTP 451
  https://api4.binance.com -> HTTP 451
  https://api.binance.com -> HTTP 451
2026-06-18 17:03:11,112 | ERROR   | paper_trader.binance_spot | All Binance Spot hosts failed:
  https://api3.binance.com -> HTTP 451
  https://api2.binance.com -> HTTP 451
  https://api1.binance.com -> HTTP 451
  https://api4.binance.com -> HTTP 451
  https://api.binance.com -> HTTP 451
2026-06-18 17:03:11,112 | WARNING | paper_trader.binance_spot | Binance Spot failed for ETHUSDT 15m: All Binance Spot hosts failed:
  https://api3.binance.com -> HTTP 451
  https://api2.binance.com -> HTTP 451
  https://api1.binance.com -> HTTP 451
  https://api4.binance.com -> HTTP 451
  https://api.binance.com -> HTTP 451
2026-06-18 17:03:11,500 | WARNING | paper_trader.binance_spot | Using Coinbase fallback for ETHUSDT 15m
2026-06-18 17:03:14,400 | ERROR   | paper_trader.binance_spot | All Binance Spot hosts failed:
  https://api3.binance.com -> HTTP 451
  https://api2.binance.com -> HTTP 451
  https://api1.binance.com -> HTTP 451
  https://api4.binance.com -> HTTP 451
  https://api.binance.com -> HTTP 451
2026-06-18 17:03:14,401 | WARNING | paper_trader.binance_spot | Binance paginated failed for ETHBTC 15m: All Binance Spot hosts failed:
  https://api3.binance.com -> HTTP 451
  https://api2.binance.com -> HTTP 451
  https://api1.binance.com -> HTTP 451
  https://api4.binance.com -> HTTP 451
  https://api.binance.com -> HTTP 451
2026-06-18 17:03:17,241 | ERROR   | paper_trader.binance_spot | All Binance Spot hosts failed:
  https://api3.binance.com -> HTTP 451
  https://api2.binance.com -> HTTP 451
  https://api1.binance.com -> HTTP 451
  https://api4.binance.com -> HTTP 451
  https://api.binance.com -> HTTP 451
2026-06-18 17:03:17,241 | WARNING | paper_trader.binance_spot | Binance Spot failed for ETHBTC 15m: All Binance Spot hosts failed:
  https://api3.binance.com -> HTTP 451
  https://api2.binance.com -> HTTP 451
  https://api1.binance.com -> HTTP 451
  https://api4.binance.com -> HTTP 451
  https://api.binance.com -> HTTP 451
2026-06-18 17:03:20,060 | ERROR   | paper_trader.binance_spot | All Binance Spot hosts failed:
  https://api3.binance.com -> HTTP 451
  https://api2.binance.com -> HTTP 451
  https://api1.binance.com -> HTTP 451
  https://api4.binance.com -> HTTP 451
  https://api.binance.com -> HTTP 451
2026-06-18 17:03:20,061 | WARNING | paper_trader.binance_spot | Binance paginated failed for XRPUSDT 15m: All Binance Spot hosts failed:
  https://api3.binance.com -> HTTP 451
  https://api2.binance.com -> HTTP 451
  https://api1.binance.com -> HTTP 451
  https://api4.binance.com -> HTTP 451
  https://api.binance.com -> HTTP 451
2026-06-18 17:03:22,867 | ERROR   | paper_trader.binance_spot | All Binance Spot hosts failed:
  https://api3.binance.com -> HTTP 451
  https://api2.binance.com -> HTTP 451
  https://api1.binance.com -> HTTP 451
  https://api4.binance.com -> HTTP 451
  https://api.binance.com -> HTTP 451
2026-06-18 17:03:22,868 | WARNING | paper_trader.binance_spot | Binance Spot failed for XRPUSDT 15m: All Binance Spot hosts failed:
  https://api3.binance.com -> HTTP 451
  https://api2.binance.com -> HTTP 451
  https://api1.binance.com -> HTTP 451
  https://api4.binance.com -> HTTP 451
  https://api.binance.com -> HTTP 451
2026-06-18 17:03:25,758 | ERROR   | paper_trader.binance_spot | All Binance Spot hosts failed:
  https://api3.binance.com -> HTTP 451
  https://api2.binance.com -> HTTP 451
  https://api1.binance.com -> HTTP 451
  https://api4.binance.com -> HTTP 451
  https://api.binance.com -> HTTP 451
2026-06-18 17:03:25,759 | WARNING | paper_trader.binance_spot | Binance paginated failed for XRPBTC 15m: All Binance Spot hosts failed:
  https://api3.binance.com -> HTTP 451
  https://api2.binance.com -> HTTP 451
  https://api1.binance.com -> HTTP 451
  https://api4.binance.com -> HTTP 451
  https://api.binance.com -> HTTP 451
2026-06-18 17:03:28,608 | ERROR   | paper_trader.binance_spot | All Binance Spot hosts failed:
  https://api3.binance.com -> HTTP 451
  https://api2.binance.com -> HTTP 451
  https://api1.binance.com -> HTTP 451
  https://api4.binance.com -> HTTP 451
  https://api.binance.com -> HTTP 451
2026-06-18 17:03:28,609 | WARNING | paper_trader.binance_spot | Binance Spot failed for XRPBTC 15m: All Binance Spot hosts failed:
  https://api3.binance.com -> HTTP 451
  https://api2.binance.com -> HTTP 451
  https://api1.binance.com -> HTTP 451
  https://api4.binance.com -> HTTP 451
  https://api.binance.com -> HTTP 451
2026-06-18 17:03:28,610 | INFO    | paper_trader.feature_builder | Spot sources: {'BTCUSDT': 'coinbase', 'ETHUSDT': 'coinbase', 'ETHBTC': 'empty', 'XRPUSDT': 'empty', 'XRPBTC': 'empty'}
2026-06-18 17:03:28,731 | WARNING | paper_trader.feature_builder | Failed ohlcv_btc_futures_close: 451 Client Error:  for url: https://fapi.binance.com/fapi/v1/klines?symbol=BTCUSDT&interval=15m&limit=1000
2026-06-18 17:03:28,800 | WARNING | paper_trader.feature_builder | Failed ohlcv_btc_mark_price: 451 Client Error:  for url: https://fapi.binance.com/fapi/v1/markPriceKlines?symbol=BTCUSDT&interval=15m&limit=1000
2026-06-18 17:03:28,848 | WARNING | paper_trader.feature_builder | Failed ohlcv_btc_index_price: 451 Client Error:  for url: https://fapi.binance.com/fapi/v1/indexPriceKlines?pair=BTCUSDT&interval=15m&limit=1000
2026-06-18 17:03:29,126 | INFO    | paper_trader.feature_builder | Built 433 features over 1600 candles (grid 15m)
2026-06-18 17:03:29,127 | INFO    | paper_trader           | [4h] Last 15m candle: 2026-06-18 16:45:00, close=62603.71
2026-06-18 17:03:29,131 | INFO    | paper_trader           | [4h] vol_pred=0.014941 -> decile=5
2026-06-18 17:03:29,138 | INFO    | paper_trader.regime    | Regime: lateral (close=62603.71, ema50=64616.92, ema200=64603.50)
2026-06-18 17:03:29,138 | INFO    | paper_trader           | [4h] Regime: lateral
2026-06-18 17:03:29,138 | INFO    | paper_trader           | [4h] Regime 'lateral' enabled: threshold=0.55, leverage=5.0x
2026-06-18 17:03:29,176 | WARNING | paper_trader.inference | Missing 184 features (filling NaN). First: ['ohlcv_ethbtc_open', 'ohlcv_ethbtc_high', 'ohlcv_ethbtc_low', 'ohlcv_ethbtc_close', 'ohlcv_ethbtc_volume']
2026-06-18 17:03:29,185 | INFO    | paper_trader           | [4h] Diagnostics: {'timeframe': '4h', 'vol_pred': 0.01494085256793499, 'vol_decile': 5, 'n_candidates_initial': 10, 'p_win_max': 0.5246478915214539, 'p_win_min': 0.3820335566997528, 'EV_max': -0.0004592013425589695, 'n_in_band': 0, 'reason_no_signal': 'NO_CANDIDATE_IN_PROB_BAND'}
2026-06-18 17:03:29,189 | INFO    | paper_trader           | [4h] NO_SIGNAL: NO_CANDIDATE_IN_PROB_BAND
2026-06-18 17:03:29,199 | INFO    | paper_trader           | Paper tick end.
