2026-06-13 19:06:29,999 | INFO    | paper_trader           | ============================================================
2026-06-13 19:06:29,999 | INFO    | paper_trader           | Paper tick start (dry_run=False)
2026-06-13 19:06:30,000 | INFO    | paper_trader           | Timeframes due: [('15m', True, False), ('1h', True, False), ('4h', False, True)]
2026-06-13 19:06:30,047 | INFO    | paper_trader           | Closed positions this tick: 0
2026-06-13 19:06:30,047 | INFO    | paper_trader           | Macro cache has 40 features cached
2026-06-13 19:06:30,047 | INFO    | paper_trader           | Building live features (grid 15m, compartido)...
2026-06-13 19:06:30,047 | INFO    | paper_trader.feature_builder | Fetching 15m klines (1600 candles) for 5 symbols...
2026-06-13 19:06:32,186 | ERROR   | paper_trader.binance_spot | All Binance Spot hosts failed:
  https://api3.binance.com -> HTTP 451
  https://api2.binance.com -> HTTP 451
  https://api1.binance.com -> HTTP 451
  https://api4.binance.com -> HTTP 451
  https://api.binance.com -> HTTP 451
2026-06-13 19:06:32,186 | WARNING | paper_trader.binance_spot | Binance paginated failed for BTCUSDT 15m: All Binance Spot hosts failed:
  https://api3.binance.com -> HTTP 451
  https://api2.binance.com -> HTTP 451
  https://api1.binance.com -> HTTP 451
  https://api4.binance.com -> HTTP 451
  https://api.binance.com -> HTTP 451
2026-06-13 19:06:34,366 | ERROR   | paper_trader.binance_spot | All Binance Spot hosts failed:
  https://api3.binance.com -> HTTP 451
  https://api2.binance.com -> HTTP 451
  https://api1.binance.com -> HTTP 451
  https://api4.binance.com -> HTTP 451
  https://api.binance.com -> HTTP 451
2026-06-13 19:06:34,366 | WARNING | paper_trader.binance_spot | Binance Spot failed for BTCUSDT 15m: All Binance Spot hosts failed:
  https://api3.binance.com -> HTTP 451
  https://api2.binance.com -> HTTP 451
  https://api1.binance.com -> HTTP 451
  https://api4.binance.com -> HTTP 451
  https://api.binance.com -> HTTP 451
2026-06-13 19:06:36,086 | WARNING | paper_trader.binance_spot | Using Coinbase fallback for BTCUSDT 15m
2026-06-13 19:06:38,232 | ERROR   | paper_trader.binance_spot | All Binance Spot hosts failed:
  https://api3.binance.com -> HTTP 451
  https://api2.binance.com -> HTTP 451
  https://api1.binance.com -> HTTP 451
  https://api4.binance.com -> HTTP 451
  https://api.binance.com -> HTTP 451
2026-06-13 19:06:38,233 | WARNING | paper_trader.binance_spot | Binance paginated failed for ETHUSDT 15m: All Binance Spot hosts failed:
  https://api3.binance.com -> HTTP 451
  https://api2.binance.com -> HTTP 451
  https://api1.binance.com -> HTTP 451
  https://api4.binance.com -> HTTP 451
  https://api.binance.com -> HTTP 451
2026-06-13 19:06:40,335 | ERROR   | paper_trader.binance_spot | All Binance Spot hosts failed:
  https://api3.binance.com -> HTTP 451
  https://api2.binance.com -> HTTP 451
  https://api1.binance.com -> HTTP 451
  https://api4.binance.com -> HTTP 451
  https://api.binance.com -> HTTP 451
2026-06-13 19:06:40,335 | WARNING | paper_trader.binance_spot | Binance Spot failed for ETHUSDT 15m: All Binance Spot hosts failed:
  https://api3.binance.com -> HTTP 451
  https://api2.binance.com -> HTTP 451
  https://api1.binance.com -> HTTP 451
  https://api4.binance.com -> HTTP 451
  https://api.binance.com -> HTTP 451
2026-06-13 19:06:41,872 | WARNING | paper_trader.binance_spot | Using Coinbase fallback for ETHUSDT 15m
2026-06-13 19:06:44,062 | ERROR   | paper_trader.binance_spot | All Binance Spot hosts failed:
  https://api3.binance.com -> HTTP 451
  https://api2.binance.com -> HTTP 451
  https://api1.binance.com -> HTTP 451
  https://api4.binance.com -> HTTP 451
  https://api.binance.com -> HTTP 451
2026-06-13 19:06:44,063 | WARNING | paper_trader.binance_spot | Binance paginated failed for ETHBTC 15m: All Binance Spot hosts failed:
  https://api3.binance.com -> HTTP 451
  https://api2.binance.com -> HTTP 451
  https://api1.binance.com -> HTTP 451
  https://api4.binance.com -> HTTP 451
  https://api.binance.com -> HTTP 451
2026-06-13 19:06:46,224 | ERROR   | paper_trader.binance_spot | All Binance Spot hosts failed:
  https://api3.binance.com -> HTTP 451
  https://api2.binance.com -> HTTP 451
  https://api1.binance.com -> HTTP 451
  https://api4.binance.com -> HTTP 451
  https://api.binance.com -> HTTP 451
2026-06-13 19:06:46,225 | WARNING | paper_trader.binance_spot | Binance Spot failed for ETHBTC 15m: All Binance Spot hosts failed:
  https://api3.binance.com -> HTTP 451
  https://api2.binance.com -> HTTP 451
  https://api1.binance.com -> HTTP 451
  https://api4.binance.com -> HTTP 451
  https://api.binance.com -> HTTP 451
2026-06-13 19:06:48,363 | ERROR   | paper_trader.binance_spot | All Binance Spot hosts failed:
  https://api3.binance.com -> HTTP 451
  https://api2.binance.com -> HTTP 451
  https://api1.binance.com -> HTTP 451
  https://api4.binance.com -> HTTP 451
  https://api.binance.com -> HTTP 451
2026-06-13 19:06:48,364 | WARNING | paper_trader.binance_spot | Binance paginated failed for XRPUSDT 15m: All Binance Spot hosts failed:
  https://api3.binance.com -> HTTP 451
  https://api2.binance.com -> HTTP 451
  https://api1.binance.com -> HTTP 451
  https://api4.binance.com -> HTTP 451
  https://api.binance.com -> HTTP 451
2026-06-13 19:06:50,551 | ERROR   | paper_trader.binance_spot | All Binance Spot hosts failed:
  https://api3.binance.com -> HTTP 451
  https://api2.binance.com -> HTTP 451
  https://api1.binance.com -> HTTP 451
  https://api4.binance.com -> HTTP 451
  https://api.binance.com -> HTTP 451
2026-06-13 19:06:50,551 | WARNING | paper_trader.binance_spot | Binance Spot failed for XRPUSDT 15m: All Binance Spot hosts failed:
  https://api3.binance.com -> HTTP 451
  https://api2.binance.com -> HTTP 451
  https://api1.binance.com -> HTTP 451
  https://api4.binance.com -> HTTP 451
  https://api.binance.com -> HTTP 451
2026-06-13 19:06:52,654 | ERROR   | paper_trader.binance_spot | All Binance Spot hosts failed:
  https://api3.binance.com -> HTTP 451
  https://api2.binance.com -> HTTP 451
  https://api1.binance.com -> HTTP 451
  https://api4.binance.com -> HTTP 451
  https://api.binance.com -> HTTP 451
2026-06-13 19:06:52,655 | WARNING | paper_trader.binance_spot | Binance paginated failed for XRPBTC 15m: All Binance Spot hosts failed:
  https://api3.binance.com -> HTTP 451
  https://api2.binance.com -> HTTP 451
  https://api1.binance.com -> HTTP 451
  https://api4.binance.com -> HTTP 451
  https://api.binance.com -> HTTP 451
2026-06-13 19:06:54,798 | ERROR   | paper_trader.binance_spot | All Binance Spot hosts failed:
  https://api3.binance.com -> HTTP 451
  https://api2.binance.com -> HTTP 451
  https://api1.binance.com -> HTTP 451
  https://api4.binance.com -> HTTP 451
  https://api.binance.com -> HTTP 451
2026-06-13 19:06:54,798 | WARNING | paper_trader.binance_spot | Binance Spot failed for XRPBTC 15m: All Binance Spot hosts failed:
  https://api3.binance.com -> HTTP 451
  https://api2.binance.com -> HTTP 451
  https://api1.binance.com -> HTTP 451
  https://api4.binance.com -> HTTP 451
  https://api.binance.com -> HTTP 451
2026-06-13 19:06:54,800 | INFO    | paper_trader.feature_builder | Spot sources: {'BTCUSDT': 'coinbase', 'ETHUSDT': 'coinbase', 'ETHBTC': 'empty', 'XRPUSDT': 'empty', 'XRPBTC': 'empty'}
2026-06-13 19:06:54,948 | WARNING | paper_trader.feature_builder | Failed ohlcv_btc_futures_close: 451 Client Error:  for url: https://fapi.binance.com/fapi/v1/klines?symbol=BTCUSDT&interval=15m&limit=1000
2026-06-13 19:06:55,045 | WARNING | paper_trader.feature_builder | Failed ohlcv_btc_mark_price: 451 Client Error:  for url: https://fapi.binance.com/fapi/v1/markPriceKlines?symbol=BTCUSDT&interval=15m&limit=1000
2026-06-13 19:06:55,187 | WARNING | paper_trader.feature_builder | Failed ohlcv_btc_index_price: 451 Client Error:  for url: https://fapi.binance.com/fapi/v1/indexPriceKlines?pair=BTCUSDT&interval=15m&limit=1000
2026-06-13 19:06:55,483 | INFO    | paper_trader.feature_builder | Built 396 features over 1600 candles (grid 15m)
2026-06-13 19:06:55,485 | INFO    | paper_trader           | [15m] Last 15m candle: 2026-06-13 18:45:00, close=64124.32
2026-06-13 19:06:55,487 | INFO    | paper_trader           | [15m] vol_pred=0.002241 -> decile=3
2026-06-13 19:06:55,494 | INFO    | paper_trader.regime    | Regime: lateral (close=64124.32, ema50=63540.67, ema200=63618.05)
2026-06-13 19:06:55,494 | INFO    | paper_trader           | [15m] Regime: lateral
2026-06-13 19:06:55,495 | INFO    | paper_trader           | [15m] Regime 'lateral' enabled: threshold=0.55, leverage=5.0x
2026-06-13 19:06:55,532 | WARNING | paper_trader.inference | Missing 219 features (filling NaN). First: ['ohlcv_ethbtc_open', 'ohlcv_ethbtc_high', 'ohlcv_ethbtc_low', 'ohlcv_ethbtc_close', 'ohlcv_ethbtc_volume']
2026-06-13 19:06:55,541 | INFO    | paper_trader           | [15m] Diagnostics: {'timeframe': '15m', 'vol_pred': 0.0022413822269179047, 'vol_decile': 3, 'n_candidates_initial': 10, 'p_win_max': 0.49741852283477783, 'p_win_min': 0.3242320716381073, 'EV_max': -0.00010552499423674574, 'n_in_band': 0, 'reason_no_signal': 'NO_CANDIDATE_IN_PROB_BAND'}
2026-06-13 19:06:55,545 | INFO    | paper_trader           | [15m] NO_SIGNAL: NO_CANDIDATE_IN_PROB_BAND
2026-06-13 19:06:55,546 | INFO    | paper_trader           | [1h] Last 15m candle: 2026-06-13 18:45:00, close=64124.32
2026-06-13 19:06:55,550 | INFO    | paper_trader           | [1h] vol_pred=0.003801 -> decile=2
2026-06-13 19:06:55,562 | INFO    | paper_trader.regime    | Regime: lateral (close=64124.32, ema50=63540.67, ema200=63618.05)
2026-06-13 19:06:55,562 | INFO    | paper_trader           | [1h] Regime: lateral
2026-06-13 19:06:55,562 | INFO    | paper_trader           | [1h] Regime 'lateral' enabled: threshold=0.55, leverage=3.0x
2026-06-13 19:06:55,587 | WARNING | paper_trader.inference | Missing 219 features (filling NaN). First: ['ohlcv_ethbtc_open', 'ohlcv_ethbtc_high', 'ohlcv_ethbtc_low', 'ohlcv_ethbtc_close', 'ohlcv_ethbtc_volume']
2026-06-13 19:06:55,595 | INFO    | paper_trader           | [1h] Diagnostics: {'timeframe': '1h', 'vol_pred': 0.0038009285769167876, 'vol_decile': 2, 'n_candidates_initial': 10, 'p_win_max': 0.49194955825805664, 'p_win_min': 0.3337104022502899, 'EV_max': -0.0004962394121214499, 'n_in_band': 0, 'reason_no_signal': 'NO_CANDIDATE_IN_PROB_BAND'}
2026-06-13 19:06:55,600 | INFO    | paper_trader           | [1h] NO_SIGNAL: NO_CANDIDATE_IN_PROB_BAND
2026-06-13 19:06:55,600 | WARNING | paper_trader           | SKIPPED_LATE tf=4h close=2026-06-13 16:00:00+00:00
2026-06-13 19:06:55,610 | INFO    | paper_trader           | Paper tick end.
2026-06-13 19:11:31,794 | INFO    | paper_trader           | ============================================================
2026-06-13 19:11:31,794 | INFO    | paper_trader           | Paper tick start (dry_run=False)
2026-06-13 19:11:31,794 | INFO    | paper_trader           | Timeframes due: [('15m', True, False), ('1h', True, False), ('4h', False, True)]
2026-06-13 19:11:31,795 | INFO    | paper_trader           | Closed positions this tick: 0
2026-06-13 19:11:31,795 | INFO    | paper_trader           | Macro cache has 40 features cached
2026-06-13 19:11:31,795 | INFO    | paper_trader           | Building live features (grid 15m, compartido)...
2026-06-13 19:11:31,796 | INFO    | paper_trader.feature_builder | Fetching 15m klines (1600 candles) for 5 symbols...
2026-06-13 19:11:34,544 | ERROR   | paper_trader.binance_spot | All Binance Spot hosts failed:
  https://api3.binance.com -> HTTP 451
  https://api2.binance.com -> HTTP 451
  https://api1.binance.com -> HTTP 451
  https://api4.binance.com -> HTTP 451
  https://api.binance.com -> HTTP 451
2026-06-13 19:11:34,544 | WARNING | paper_trader.binance_spot | Binance paginated failed for BTCUSDT 15m: All Binance Spot hosts failed:
  https://api3.binance.com -> HTTP 451
  https://api2.binance.com -> HTTP 451
  https://api1.binance.com -> HTTP 451
  https://api4.binance.com -> HTTP 451
  https://api.binance.com -> HTTP 451
2026-06-13 19:11:37,277 | ERROR   | paper_trader.binance_spot | All Binance Spot hosts failed:
  https://api3.binance.com -> HTTP 451
  https://api2.binance.com -> HTTP 451
  https://api1.binance.com -> HTTP 451
  https://api4.binance.com -> HTTP 451
  https://api.binance.com -> HTTP 451
2026-06-13 19:11:37,277 | WARNING | paper_trader.binance_spot | Binance Spot failed for BTCUSDT 15m: All Binance Spot hosts failed:
  https://api3.binance.com -> HTTP 451
  https://api2.binance.com -> HTTP 451
  https://api1.binance.com -> HTTP 451
  https://api4.binance.com -> HTTP 451
  https://api.binance.com -> HTTP 451
2026-06-13 19:11:37,570 | WARNING | paper_trader.binance_spot | Using Coinbase fallback for BTCUSDT 15m
2026-06-13 19:11:40,281 | ERROR   | paper_trader.binance_spot | All Binance Spot hosts failed:
  https://api3.binance.com -> HTTP 451
  https://api2.binance.com -> HTTP 451
  https://api1.binance.com -> HTTP 451
  https://api4.binance.com -> HTTP 451
  https://api.binance.com -> HTTP 451
2026-06-13 19:11:40,281 | WARNING | paper_trader.binance_spot | Binance paginated failed for ETHUSDT 15m: All Binance Spot hosts failed:
  https://api3.binance.com -> HTTP 451
  https://api2.binance.com -> HTTP 451
  https://api1.binance.com -> HTTP 451
  https://api4.binance.com -> HTTP 451
  https://api.binance.com -> HTTP 451
2026-06-13 19:11:43,119 | ERROR   | paper_trader.binance_spot | All Binance Spot hosts failed:
  https://api3.binance.com -> HTTP 451
  https://api2.binance.com -> HTTP 451
  https://api1.binance.com -> HTTP 451
  https://api4.binance.com -> HTTP 451
  https://api.binance.com -> HTTP 451
2026-06-13 19:11:43,119 | WARNING | paper_trader.binance_spot | Binance Spot failed for ETHUSDT 15m: All Binance Spot hosts failed:
  https://api3.binance.com -> HTTP 451
  https://api2.binance.com -> HTTP 451
  https://api1.binance.com -> HTTP 451
  https://api4.binance.com -> HTTP 451
  https://api.binance.com -> HTTP 451
2026-06-13 19:11:43,397 | WARNING | paper_trader.binance_spot | Using Coinbase fallback for ETHUSDT 15m
2026-06-13 19:11:46,249 | ERROR   | paper_trader.binance_spot | All Binance Spot hosts failed:
  https://api3.binance.com -> HTTP 451
  https://api2.binance.com -> HTTP 451
  https://api1.binance.com -> HTTP 451
  https://api4.binance.com -> HTTP 451
  https://api.binance.com -> HTTP 451
2026-06-13 19:11:46,249 | WARNING | paper_trader.binance_spot | Binance paginated failed for ETHBTC 15m: All Binance Spot hosts failed:
  https://api3.binance.com -> HTTP 451
  https://api2.binance.com -> HTTP 451
  https://api1.binance.com -> HTTP 451
  https://api4.binance.com -> HTTP 451
  https://api.binance.com -> HTTP 451
2026-06-13 19:11:49,132 | ERROR   | paper_trader.binance_spot | All Binance Spot hosts failed:
  https://api3.binance.com -> HTTP 451
  https://api2.binance.com -> HTTP 451
  https://api1.binance.com -> HTTP 451
  https://api4.binance.com -> HTTP 451
  https://api.binance.com -> HTTP 451
2026-06-13 19:11:49,132 | WARNING | paper_trader.binance_spot | Binance Spot failed for ETHBTC 15m: All Binance Spot hosts failed:
  https://api3.binance.com -> HTTP 451
  https://api2.binance.com -> HTTP 451
  https://api1.binance.com -> HTTP 451
  https://api4.binance.com -> HTTP 451
  https://api.binance.com -> HTTP 451
2026-06-13 19:11:51,918 | ERROR   | paper_trader.binance_spot | All Binance Spot hosts failed:
  https://api3.binance.com -> HTTP 451
  https://api2.binance.com -> HTTP 451
  https://api1.binance.com -> HTTP 451
  https://api4.binance.com -> HTTP 451
  https://api.binance.com -> HTTP 451
2026-06-13 19:11:51,918 | WARNING | paper_trader.binance_spot | Binance paginated failed for XRPUSDT 15m: All Binance Spot hosts failed:
  https://api3.binance.com -> HTTP 451
  https://api2.binance.com -> HTTP 451
  https://api1.binance.com -> HTTP 451
  https://api4.binance.com -> HTTP 451
  https://api.binance.com -> HTTP 451
2026-06-13 19:11:54,665 | ERROR   | paper_trader.binance_spot | All Binance Spot hosts failed:
  https://api3.binance.com -> HTTP 451
  https://api2.binance.com -> HTTP 451
  https://api1.binance.com -> HTTP 451
  https://api4.binance.com -> HTTP 451
  https://api.binance.com -> HTTP 451
2026-06-13 19:11:54,666 | WARNING | paper_trader.binance_spot | Binance Spot failed for XRPUSDT 15m: All Binance Spot hosts failed:
  https://api3.binance.com -> HTTP 451
  https://api2.binance.com -> HTTP 451
  https://api1.binance.com -> HTTP 451
  https://api4.binance.com -> HTTP 451
  https://api.binance.com -> HTTP 451
2026-06-13 19:11:57,522 | ERROR   | paper_trader.binance_spot | All Binance Spot hosts failed:
  https://api3.binance.com -> HTTP 451
  https://api2.binance.com -> HTTP 451
  https://api1.binance.com -> HTTP 451
  https://api4.binance.com -> HTTP 451
  https://api.binance.com -> HTTP 451
2026-06-13 19:11:57,522 | WARNING | paper_trader.binance_spot | Binance paginated failed for XRPBTC 15m: All Binance Spot hosts failed:
  https://api3.binance.com -> HTTP 451
  https://api2.binance.com -> HTTP 451
  https://api1.binance.com -> HTTP 451
  https://api4.binance.com -> HTTP 451
  https://api.binance.com -> HTTP 451
2026-06-13 19:12:00,338 | ERROR   | paper_trader.binance_spot | All Binance Spot hosts failed:
  https://api3.binance.com -> HTTP 451
  https://api2.binance.com -> HTTP 451
  https://api1.binance.com -> HTTP 451
  https://api4.binance.com -> HTTP 451
  https://api.binance.com -> HTTP 451
2026-06-13 19:12:00,339 | WARNING | paper_trader.binance_spot | Binance Spot failed for XRPBTC 15m: All Binance Spot hosts failed:
  https://api3.binance.com -> HTTP 451
  https://api2.binance.com -> HTTP 451
  https://api1.binance.com -> HTTP 451
  https://api4.binance.com -> HTTP 451
  https://api.binance.com -> HTTP 451
2026-06-13 19:12:00,340 | INFO    | paper_trader.feature_builder | Spot sources: {'BTCUSDT': 'coinbase', 'ETHUSDT': 'coinbase', 'ETHBTC': 'empty', 'XRPUSDT': 'empty', 'XRPBTC': 'empty'}
2026-06-13 19:12:00,577 | WARNING | paper_trader.feature_builder | Failed ohlcv_btc_futures_close: 451 Client Error:  for url: https://fapi.binance.com/fapi/v1/klines?symbol=BTCUSDT&interval=15m&limit=1000
2026-06-13 19:12:00,611 | WARNING | paper_trader.feature_builder | Failed ohlcv_btc_mark_price: 451 Client Error:  for url: https://fapi.binance.com/fapi/v1/markPriceKlines?symbol=BTCUSDT&interval=15m&limit=1000
2026-06-13 19:12:00,646 | WARNING | paper_trader.feature_builder | Failed ohlcv_btc_index_price: 451 Client Error:  for url: https://fapi.binance.com/fapi/v1/indexPriceKlines?pair=BTCUSDT&interval=15m&limit=1000
2026-06-13 19:12:00,927 | INFO    | paper_trader.feature_builder | Built 396 features over 1600 candles (grid 15m)
2026-06-13 19:12:00,928 | INFO    | paper_trader           | [15m] Last 15m candle: 2026-06-13 18:45:00, close=64124.32
2026-06-13 19:12:00,930 | INFO    | paper_trader           | [15m] vol_pred=0.002241 -> decile=3
2026-06-13 19:12:00,944 | INFO    | paper_trader.regime    | Regime: lateral (close=64124.32, ema50=63540.67, ema200=63618.05)
2026-06-13 19:12:00,944 | INFO    | paper_trader           | [15m] Regime: lateral
2026-06-13 19:12:00,944 | INFO    | paper_trader           | [15m] Regime 'lateral' enabled: threshold=0.55, leverage=5.0x
2026-06-13 19:12:00,979 | WARNING | paper_trader.inference | Missing 219 features (filling NaN). First: ['ohlcv_ethbtc_open', 'ohlcv_ethbtc_high', 'ohlcv_ethbtc_low', 'ohlcv_ethbtc_close', 'ohlcv_ethbtc_volume']
2026-06-13 19:12:00,989 | INFO    | paper_trader           | [15m] Diagnostics: {'timeframe': '15m', 'vol_pred': 0.0022413822269179047, 'vol_decile': 3, 'n_candidates_initial': 10, 'p_win_max': 0.49741852283477783, 'p_win_min': 0.3242320716381073, 'EV_max': -0.00010552499423674574, 'n_in_band': 0, 'reason_no_signal': 'NO_CANDIDATE_IN_PROB_BAND'}
2026-06-13 19:12:00,993 | INFO    | paper_trader           | [15m] NO_SIGNAL: NO_CANDIDATE_IN_PROB_BAND
2026-06-13 19:12:00,994 | INFO    | paper_trader           | [1h] Last 15m candle: 2026-06-13 18:45:00, close=64124.32
2026-06-13 19:12:00,997 | INFO    | paper_trader           | [1h] vol_pred=0.003801 -> decile=2
2026-06-13 19:12:01,009 | INFO    | paper_trader.regime    | Regime: lateral (close=64124.32, ema50=63540.67, ema200=63618.05)
2026-06-13 19:12:01,009 | INFO    | paper_trader           | [1h] Regime: lateral
2026-06-13 19:12:01,009 | INFO    | paper_trader           | [1h] Regime 'lateral' enabled: threshold=0.55, leverage=3.0x
2026-06-13 19:12:01,033 | WARNING | paper_trader.inference | Missing 219 features (filling NaN). First: ['ohlcv_ethbtc_open', 'ohlcv_ethbtc_high', 'ohlcv_ethbtc_low', 'ohlcv_ethbtc_close', 'ohlcv_ethbtc_volume']
2026-06-13 19:12:01,041 | INFO    | paper_trader           | [1h] Diagnostics: {'timeframe': '1h', 'vol_pred': 0.0038009285769167876, 'vol_decile': 2, 'n_candidates_initial': 10, 'p_win_max': 0.49194955825805664, 'p_win_min': 0.3337104022502899, 'EV_max': -0.0004962394121214499, 'n_in_band': 0, 'reason_no_signal': 'NO_CANDIDATE_IN_PROB_BAND'}
2026-06-13 19:12:01,046 | INFO    | paper_trader           | [1h] NO_SIGNAL: NO_CANDIDATE_IN_PROB_BAND
2026-06-13 19:12:01,046 | WARNING | paper_trader           | SKIPPED_LATE tf=4h close=2026-06-13 16:00:00+00:00
2026-06-13 19:12:01,056 | INFO    | paper_trader           | Paper tick end.
